// Jest Snapshot v1, https://goo.gl/fbAQLP

exports[`should not render anything 1`] = `""`;

exports[`should render children 1`] = `
<div>
  hello
</div>
`;
